data/nor1_critical/nor1_critical_0.json
instance: 1ms
preprocess: 0ms
link graph: 0ms
random loss: 294
optimize loss: 146
routing: 318ms
random solve
solution, time: 51ms, obj: 5272
solution, time: 58ms, obj: 5244
solution, time: 85ms, obj: 5178
no obj improvement
confs: 16, cycle: 0, path:45
optim solve
solution, time: 94ms, obj: 4133
no obj improvement
confs: 14, cycle: 0, path:39
data/nor1_critical/nor1_critical_1.json
instance: 1ms
preprocess: 0ms
link graph: 0ms
random loss: 368
optimize loss: 154
routing: 59ms
random solve
solution, time: 134ms, obj: 6187
solution, time: 237ms, obj: 5600
no obj improvement
confs: 19, cycle: 2, path:73
optim solve
solution, time: 18ms, obj: 2416
no obj improvement
confs: 8, cycle: 0, path:16
data/nor1_critical/nor1_critical_2.json
instance: 1ms
preprocess: 0ms
link graph: 0ms
random loss: 200
optimize loss: 100
routing: 61ms
random solve
solution, time: 21ms, obj: 4369
solution, time: 32ms, obj: 4330
solution, time: 35ms, obj: 4241
no obj improvement
confs: 10, cycle: 0, path:25
optim solve
solution, time: 24ms, obj: 3938
no obj improvement
confs: 9, cycle: 0, path:22
data/nor1_critical/nor1_critical_3.json
instance: 2ms
preprocess: 0ms
link graph: 1ms
random loss: 410
optimize loss: 274
routing: 110ms
random solve
solution, time: 1227ms, obj: 12264
solution, time: 7112ms, obj: 11654
no obj improvement
confs: 57, cycle: 28, path:342
optim solve
solution, time: 1990ms, obj: 8927
solution, time: 1992ms, obj: 8902
no obj improvement
confs: 34, cycle: 1, path:120
data/nor1_critical/nor1_critical_4.json
instance: 0ms
preprocess: 0ms
link graph: 0ms
random loss: 108
optimize loss: 56
routing: 22ms
random solve
solution, time: 11ms, obj: 2664
no obj improvement
confs: 4, cycle: 0, path:9
optim solve
solution, time: 4ms, obj: 1874
no obj improvement
confs: 1, cycle: 0, path:4
data/nor1_critical/nor1_critical_5.json
instance: 1ms
preprocess: 0ms
link graph: 0ms
random loss: 76
optimize loss: 36
routing: 38ms
random solve
solution, time: 13ms, obj: 3024
no obj improvement
confs: 5, cycle: 0, path:14
optim solve
solution, time: 11ms, obj: 2680
solution, time: 14ms, obj: 2677
no obj improvement
confs: 4, cycle: 0, path:10
data/nor1_critical/nor1_critical_6.json
instance: 2ms
preprocess: 0ms
link graph: 0ms
random loss: 226
optimize loss: 78
routing: 84ms
random solve
solution, time: 112ms, obj: 6996
solution, time: 496ms, obj: 6499
no obj improvement
confs: 20, cycle: 2, path:82
optim solve
solution, time: 177ms, obj: 4503
solution, time: 208ms, obj: 4491
no obj improvement
confs: 16, cycle: 0, path:48
data/nor1_critical/nor1_critical_7.json
instance: 1ms
preprocess: 0ms
link graph: 0ms
random loss: 230
optimize loss: 136
routing: 64ms
random solve
solution, time: 35ms, obj: 4833
no obj improvement
confs: 12, cycle: 0, path:24
optim solve
solution, time: 24ms, obj: 4833
no obj improvement
confs: 9, cycle: 0, path:19
data/nor1_critical/nor1_critical_8.json
instance: 1ms
preprocess: 0ms
link graph: 0ms
random loss: 302
optimize loss: 158
routing: 64ms
random solve
solution, time: 49ms, obj: 4228
no obj improvement
confs: 16, cycle: 3, path:43
optim solve
solution, time: 161ms, obj: 4056
no obj improvement
confs: 15, cycle: 1, path:46
data/nor1_critical/nor1_critical_9.json
instance: 1ms
preprocess: 0ms
link graph: 0ms
random loss: 274
optimize loss: 146
routing: 66ms
random solve
solution, time: 83ms, obj: 6761
no obj improvement
confs: 27, cycle: 0, path:57
optim solve
solution, time: 73ms, obj: 5488
no obj improvement
confs: 15, cycle: 0, path:47
data/nor1_full/nor1_full_0.json
instance: 15ms
preprocess: 1ms
link graph: 72ms
random loss: 3902
optimize loss: 1846
routing: 1363ms
random solve
timeout
confs: 255, cycle: 151, path:4702
optim solve
solution, time: 1526ms, obj: 4773
no obj improvement
confs: 40, cycle: 5, path:198
data/nor1_full/nor1_full_1.json
instance: 20ms
preprocess: 3ms
link graph: 100ms
random loss: 4832
optimize loss: 2208
routing: 1746ms
random solve
