data/nor1_critical/nor1_critical_0.json
random cost: 294
optimize cost: 146
data/nor1_critical/nor1_critical_1.json
random cost: 342
optimize cost: 178
data/nor1_critical/nor1_critical_2.json
random cost: 154
optimize cost: 100
data/nor1_critical/nor1_critical_3.json
random cost: 564
optimize cost: 266
data/nor1_critical/nor1_critical_4.json
random cost: 68
optimize cost: 56
data/nor1_critical/nor1_critical_5.json
random cost: 80
optimize cost: 36
data/nor1_critical/nor1_critical_6.json
random cost: 262
optimize cost: 78
data/nor1_critical/nor1_critical_7.json
random cost: 190
optimize cost: 140
data/nor1_critical/nor1_critical_8.json
random cost: 326
optimize cost: 158
data/nor1_critical/nor1_critical_9.json
random cost: 380
optimize cost: 146
data/nor1_full/nor1_full_0.json
random cost: 4628
optimize cost: 1876
data/nor1_full/nor1_full_1.json
random cost: 4714
optimize cost: 2230
data/nor1_full/nor1_full_2.json
random cost: 1294
optimize cost: 662
data/nor1_full/nor1_full_3.json
random cost: 2336
optimize cost: 914
data/nor1_full/nor1_full_4.json
random cost: 2940
optimize cost: 1602
data/nor1_full/nor1_full_5.json
random cost: 3982
optimize cost: 1988
data/nor1_full/nor1_full_6.json
random cost: 4038
optimize cost: 2148
data/nor1_full/nor1_full_7.json
random cost: 4248
optimize cost: 2094
data/nor1_full/nor1_full_8.json
random cost: 4628
optimize cost: 2374
data/nor1_full/nor1_full_9.json
random cost: 4878
optimize cost: 2280
data/nor2_3/nor2_1.json
random cost: 1180
optimize cost: 626
data/nor2_3/nor2_2.json
random cost: 1838
optimize cost: 668
data/nor2_3/nor2_3.json
random cost: 1006
optimize cost: 524
data/nor2_3/nor2_4.json
random cost: 1334
optimize cost: 632
data/nor2_3/nor2_5.json
random cost: 1526
optimize cost: 594
data/nor2_3/nor3_1.json
random cost: 1490
optimize cost: 702
data/nor2_3/nor3_2.json
random cost: 1174
optimize cost: 628
data/nor2_3/nor3_3.json
random cost: 1084
optimize cost: 446
data/nor2_3/nor3_4.json
random cost: 1026
optimize cost: 562
data/nor2_3/nor3_5.json
random cost: 1578
optimize cost: 598
data/nor4/nor4_large_1.json
random cost: 25116
optimize cost: 21256
data/nor4/nor4_large_2.json
random cost: 24292
optimize cost: 20404
data/nor4/nor4_large_3.json
random cost: 20782
optimize cost: 18212
data/nor4/nor4_large_4.json
random cost: 19486
optimize cost: 16112
data/nor4/nor4_large_5.json
random cost: 13678
optimize cost: 11834
data/nor4/nor4_small_1.json
random cost: 13898
optimize cost: 11380
data/nor4/nor4_small_2.json
random cost: 14328
optimize cost: 11878
data/nor4/nor4_small_3.json
random cost: 11648
optimize cost: 9678
data/nor4/nor4_small_4.json
random cost: 11164
optimize cost: 9300
data/nor4/nor4_small_5.json
random cost: 14150
optimize cost: 11856
data/nor5/nor5_large_1.json
random cost: 36398
optimize cost: 31532
data/nor5/nor5_large_2.json
random cost: 200900
optimize cost: 96000
data/nor5/nor5_large_3.json
random cost: 101544
optimize cost: 94830
data/nor5/nor5_large_4.json
random cost: 58570
optimize cost: 51362
data/nor5/nor5_large_5.json
random cost: 83414
optimize cost: 78108
data/nor5/nor5_small_1.json
random cost: 30068
optimize cost: 26012
data/nor5/nor5_small_2.json
random cost: 58678
optimize cost: 54792
data/nor5/nor5_small_3.json
random cost: 29348
optimize cost: 25654
data/nor5/nor5_small_4.json
random cost: 55168
optimize cost: 25038
data/nor5/nor5_small_5.json
random cost: 26876
optimize cost: 23616
data/smi_close/smi_close_0.json
random cost: 224
optimize cost: 166
data/smi_close/smi_close_1.json
random cost: 2274
optimize cost: 1138
data/smi_close/smi_close_2.json
random cost: 1628
optimize cost: 672
data/smi_close/smi_close_3.json
random cost: 1574
optimize cost: 318
data/smi_close/smi_close_4.json
random cost: 36
optimize cost: 32
data/smi_close/smi_close_5.json
random cost: 336
optimize cost: 148
data/smi_close/smi_close_6.json
random cost: 96
optimize cost: 68
data/smi_close/smi_close_7.json
random cost: 668
optimize cost: 160
data/smi_close/smi_close_8.json
random cost: 756
optimize cost: 242
data/smi_headway/smi_headway_0.json
random cost: 294
optimize cost: 260
data/smi_headway/smi_headway_1.json
random cost: 2496
optimize cost: 1640
data/smi_headway/smi_headway_10.json
random cost: 1272
optimize cost: 576
data/smi_headway/smi_headway_11.json
random cost: 2612
optimize cost: 1088
data/smi_headway/smi_headway_2.json
random cost: 3128
optimize cost: 1396
data/smi_headway/smi_headway_3.json
random cost: 2876
optimize cost: 740
data/smi_headway/smi_headway_4.json
random cost: 38
optimize cost: 38
data/smi_headway/smi_headway_5.json
random cost: 392
optimize cost: 266
data/smi_headway/smi_headway_6.json
random cost: 212
optimize cost: 110
data/smi_headway/smi_headway_7.json
random cost: 1892
optimize cost: 394
data/smi_headway/smi_headway_8.json
random cost: 1032
optimize cost: 366
data/smi_headway/smi_headway_9.json
random cost: 1886
optimize cost: 758
data/swi/swi_1.json
random cost: 0
optimize cost: 0
data/swi/swi_2.json
random cost: 62290
optimize cost: 62248
data/swi/swi_3.json
random cost: 158202
optimize cost: 157956
data/swi/swi_4.json
random cost: 158750
optimize cost: 150272
data/swi/swi_5.json
random cost: 160484
optimize cost: 149858
data/swi/swi_6.json
random cost: 93850
optimize cost: 93014
data/swi/swi_7.json
random cost: 106578
optimize cost: 106198
data/swi/swi_8.json
random cost: 33998
optimize cost: 33394
data/swi/swi_9.json
random cost: 64278
optimize cost: 52622
data/wab_large/wab_large_1.json
random cost: 15534
